I'm sorry, but errors were detected in your script. Please correct the
errors listed below, and try again.


File "game/script.rpy", line 121: expected statement.
    nvl_clear
             ^

Ren'Py Version: Ren'Py 8.3.7.25031702
Sun Jun 22 20:42:04 2025
